#0 building with "desktop-linux" instance using docker driver

#1 [internal] load build definition from Dockerfile
#1 transferring dockerfile:
#1 transferring dockerfile: 651B 0.0s done
#1 DONE 0.2s

#2 [internal] load metadata for docker.io/library/node:20-alpine
#2 ...

#3 [auth] library/node:pull token for registry-1.docker.io
#3 DONE 0.0s

#2 [internal] load metadata for docker.io/library/node:20-alpine
#2 DONE 3.4s

#4 [internal] load .dockerignore
#4 transferring context: 750B 0.0s done
#4 DONE 0.1s

#5 [internal] load build context
#5 DONE 0.0s

#6 [builder 1/6] FROM docker.io/library/node:20-alpine@sha256:6178e78b972f79c335df281f4b7674a2d85071aae2af020ffa39f0a770265435
#6 resolve docker.io/library/node:20-alpine@sha256:6178e78b972f79c335df281f4b7674a2d85071aae2af020ffa39f0a770265435 0.1s done
#6 DONE 0.1s

#5 [internal] load build context
#5 transferring context: 41.68kB 0.2s done
#5 DONE 0.3s

#7 [builder 2/6] WORKDIR /app
#7 CACHED

#8 [builder 3/6] COPY package*.json ./
#8 CACHED

#9 [builder 4/6] RUN npm ci
#9 CACHED

#10 [builder 5/6] COPY . .
#10 DONE 5.7s

#11 [builder 6/6] RUN npm run build
#11 3.164 
#11 3.164 > pdflab@0.1.0 build
#11 3.164 > next build
#11 3.164 
#11 4.948 Attention: Next.js now collects completely anonymous telemetry regarding usage.
#11 4.949 This information is used to shape Next.js' roadmap and prioritize features.
#11 4.949 You can learn more, including how to opt-out if you'd not like to participate in this anonymous program, by visiting the following URL:
#11 4.949 https://nextjs.org/telemetry
#11 4.949 
#11 5.084   ▲ Next.js 14.2.16
#11 5.085 
#11 5.318    Creating an optimized production build ...
#11 69.39  ✓ Compiled successfully
#11 69.39    Skipping validation of types
#11 69.39    Skipping linting
#11 69.88    Collecting page data ...
#11 72.75    Generating static pages (0/28) ...
#11 73.63    Generating static pages (7/28) 
#11 73.91    Generating static pages (14/28) 
#11 74.07    Generating static pages (21/28) 
#11 74.21  ✓ Generating static pages (28/28)
#11 74.93    Finalizing page optimization ...
#11 74.93    Collecting build traces ...
#11 111.9 
#11 111.9 Route (app)                              Size     First Load JS
#11 111.9 ┌ ○ /                                    16.7 kB         153 kB
#11 111.9 ├ ○ /_not-found                          876 B          88.1 kB
#11 111.9 ├ ○ /admin                               6.3 kB          112 kB
#11 111.9 ├ ○ /admin/analytics                     4.65 kB         110 kB
#11 111.9 ├ ○ /admin/audit-logs                    6.32 kB         112 kB
#11 111.9 ├ ○ /admin/conversions                   7.34 kB         113 kB
#11 111.9 ├ ○ /admin/payments                      7.15 kB         113 kB
#11 111.9 ├ ○ /admin/payments/transactions         7.02 kB         113 kB
#11 111.9 ├ ○ /admin/system                        4.74 kB         110 kB
#11 111.9 ├ ○ /admin/users                         10.3 kB         116 kB
#11 111.9 ├ ƒ /admin/users/[id]                    21.5 kB         137 kB
#11 111.9 ├ ○ /batch-demo                          4.14 kB         123 kB
#11 111.9 ├ ○ /dashboard                           5.54 kB         111 kB
#11 111.9 ├ ○ /features                            4.2 kB          109 kB
#11 111.9 ├ ○ /forgot-password                     5.37 kB         108 kB
#11 111.9 ├ ○ /get-started                         9.89 kB         115 kB
#11 111.9 ├ ○ /login                               2.25 kB         109 kB
#11 111.9 ├ ○ /payment                             5.76 kB         108 kB
#11 111.9 ├ ○ /payment/cancel                      2.85 kB         105 kB
#11 111.9 ├ ○ /payment/success                     4.57 kB         107 kB
#11 111.9 ├ ○ /pricing                             4.54 kB         110 kB
#11 111.9 ├ ○ /privacy                             183 B          94.2 kB
#11 111.9 ├ ○ /reset-password                      6.17 kB         108 kB
#11 111.9 ├ ○ /security                            183 B          94.2 kB
#11 111.9 ├ ○ /signup                              3.57 kB         111 kB
#11 111.9 ├ ○ /terms                               183 B          94.2 kB
#11 111.9 └ ○ /verify-email                        4.73 kB         107 kB
#11 111.9 + First Load JS shared by all            87.2 kB
#11 111.9   ├ chunks/2117-26d60029e272ef5d.js      31.6 kB
#11 111.9   ├ chunks/fd9d1056-f6b114259b0a635c.js  53.6 kB
#11 111.9   └ other shared chunks (total)          1.96 kB
#11 111.9 
#11 111.9 
#11 111.9 ○  (Static)   prerendered as static content
#11 111.9 ƒ  (Dynamic)  server-rendered on demand
#11 111.9 
#11 DONE 112.1s

#12 [stage-1 4/7] RUN npm ci --only=production && npm cache clean --force
#12 CACHED

#13 [stage-1 5/7] COPY --from=builder /app/.next ./.next
#13 DONE 3.2s

#14 [stage-1 6/7] COPY --from=builder /app/public ./public
#14 DONE 0.6s

#15 [stage-1 7/7] COPY --from=builder /app/next.config.mjs ./
#15 DONE 0.5s

#16 exporting to image
#16 exporting layers
#16 exporting layers 5.6s done
#16 exporting manifest sha256:6e237e7c5db1c1ee1eccf94404a1610b8c39ed9621f8813a5ca60a1f1a0eab35 0.1s done
#16 exporting config sha256:f8f9099411274e6d9bc8950a7da4d4426764eccea3bee156bdb5a551315b9c1c 0.1s done
#16 exporting attestation manifest sha256:8477c2565197bc0a8b5ff93caa5fb4ac67a273e4d7464456afdc50aa015e1ee9 0.1s done
#16 exporting manifest list sha256:353fad8d206f252ec008e0caad6d89c7570a1446e463c031164f6ab445a1808c
#16 exporting manifest list sha256:353fad8d206f252ec008e0caad6d89c7570a1446e463c031164f6ab445a1808c 0.1s done
#16 naming to docker.io/mkelam/pdflab-frontend:v1.1.3-features 0.0s done
#16 unpacking to docker.io/mkelam/pdflab-frontend:v1.1.3-features
#16 unpacking to docker.io/mkelam/pdflab-frontend:v1.1.3-features 3.0s done
#16 DONE 9.1s

View build details: docker-desktop://dashboard/build/desktop-linux/desktop-linux/ftg614i6cwjgj7mq2m8plkt4k
