#0 building with "desktop-linux" instance using docker driver

#1 [internal] load build definition from Dockerfile
#1 transferring dockerfile: 30B 0.0s
#1 transferring dockerfile: 651B 0.0s done
#1 DONE 0.2s

#2 [internal] load metadata for docker.io/library/node:20-alpine
#2 ...

#3 [auth] library/node:pull token for registry-1.docker.io
#3 DONE 0.0s

#2 [internal] load metadata for docker.io/library/node:20-alpine
#2 DONE 2.9s

#4 [internal] load .dockerignore
#4 transferring context: 750B 0.0s done
#4 DONE 0.1s

#5 [builder 1/6] FROM docker.io/library/node:20-alpine@sha256:6178e78b972f79c335df281f4b7674a2d85071aae2af020ffa39f0a770265435
#5 resolve docker.io/library/node:20-alpine@sha256:6178e78b972f79c335df281f4b7674a2d85071aae2af020ffa39f0a770265435 0.1s done
#5 DONE 0.1s

#6 [internal] load build context
#6 transferring context: 39.02kB 0.2s done
#6 DONE 0.3s

#7 [builder 2/6] WORKDIR /app
#7 CACHED

#8 [builder 3/6] COPY package*.json ./
#8 CACHED

#9 [builder 4/6] RUN npm ci
#9 CACHED

#10 [builder 5/6] COPY . .
#10 DONE 14.8s

#11 [builder 6/6] RUN npm run build
#11 8.207 
#11 8.207 > pdflab@0.1.0 build
#11 8.207 > next build
#11 8.207 
#11 12.92 Attention: Next.js now collects completely anonymous telemetry regarding usage.
#11 12.92 This information is used to shape Next.js' roadmap and prioritize features.
#11 12.92 You can learn more, including how to opt-out if you'd not like to participate in this anonymous program, by visiting the following URL:
#11 12.92 https://nextjs.org/telemetry
#11 12.92 
#11 13.56   ▲ Next.js 14.2.16
#11 13.57 
#11 14.28    Creating an optimized production build ...
#11 85.97  ✓ Compiled successfully
#11 85.97    Skipping validation of types
#11 85.97    Skipping linting
#11 86.52    Collecting page data ...
#11 89.73    Generating static pages (0/30) ...
#11 90.77    Generating static pages (7/30) 
#11 91.13    Generating static pages (14/30) 
#11 91.39    Generating static pages (22/30) 
#11 91.58  ✓ Generating static pages (30/30)
#11 92.37    Finalizing page optimization ...
#11 92.37    Collecting build traces ...
#11 136.6 
#11 136.7 Route (app)                              Size     First Load JS
#11 136.7 ┌ ○ /                                    17.2 kB         153 kB
#11 136.7 ├ ○ /_not-found                          876 B          88.1 kB
#11 136.7 ├ ○ /admin                               6.3 kB          112 kB
#11 136.7 ├ ○ /admin/analytics                     4.65 kB         110 kB
#11 136.7 ├ ○ /admin/audit-logs                    6.32 kB         112 kB
#11 136.7 ├ ○ /admin/beta                          3.83 kB         120 kB
#11 136.7 ├ ○ /admin/conversions                   7.34 kB         113 kB
#11 136.7 ├ ○ /admin/payments                      7.15 kB         113 kB
#11 136.7 ├ ○ /admin/payments/transactions         7.02 kB         113 kB
#11 136.7 ├ ○ /admin/system                        4.74 kB         110 kB
#11 136.7 ├ ○ /admin/users                         10.3 kB         116 kB
#11 136.7 ├ ƒ /admin/users/[id]                    21.5 kB         137 kB
#11 136.7 ├ ○ /batch-demo                          4.29 kB         123 kB
#11 136.7 ├ ○ /beta                                8.18 kB         120 kB
#11 136.7 ├ ○ /dashboard                           5.54 kB         111 kB
#11 136.7 ├ ○ /features                            4.33 kB         109 kB
#11 136.7 ├ ○ /forgot-password                     5.37 kB         108 kB
#11 136.7 ├ ○ /get-started                         6.45 kB         115 kB
#11 136.7 ├ ○ /login                               2.25 kB         109 kB
#11 136.7 ├ ○ /payment                             5.76 kB         108 kB
#11 136.7 ├ ○ /payment/cancel                      2.85 kB         105 kB
#11 136.7 ├ ○ /payment/success                     4.57 kB         107 kB
#11 136.7 ├ ○ /pricing                             4.54 kB         110 kB
#11 136.7 ├ ○ /privacy                             183 B          94.2 kB
#11 136.7 ├ ○ /reset-password                      6.17 kB         108 kB
#11 136.7 ├ ○ /security                            183 B          94.2 kB
#11 136.7 ├ ○ /signup                              3.57 kB         111 kB
#11 136.7 ├ ○ /terms                               183 B          94.2 kB
#11 136.7 └ ○ /verify-email                        4.73 kB         107 kB
#11 136.7 + First Load JS shared by all            87.2 kB
#11 136.7   ├ chunks/2117-26d60029e272ef5d.js      31.6 kB
#11 136.7   ├ chunks/fd9d1056-f6b114259b0a635c.js  53.6 kB
#11 136.7   └ other shared chunks (total)          1.96 kB
#11 136.7 
#11 136.7 
#11 136.7 ○  (Static)   prerendered as static content
#11 136.7 ƒ  (Dynamic)  server-rendered on demand
#11 136.7 
#11 DONE 137.0s

#12 [stage-1 4/7] RUN npm ci --only=production && npm cache clean --force
#12 CACHED

#13 [stage-1 5/7] COPY --from=builder /app/.next ./.next
#13 DONE 2.4s

#14 [stage-1 6/7] COPY --from=builder /app/public ./public
#14 DONE 0.6s

#15 [stage-1 7/7] COPY --from=builder /app/next.config.mjs ./
#15 DONE 0.4s

#16 exporting to image
#16 exporting layers
#16 exporting layers 6.1s done
#16 exporting manifest sha256:d7a639a218ca9e7099235364bda5bd71e738bc0264c48065d716acd4335d9de3 0.1s done
#16 exporting config sha256:6a544f757e40ea23adcab8487bcc05b91ac7574fc44e1473c220c00626d2c2ec 0.1s done
#16 exporting attestation manifest sha256:3cab30278c4f1db2064f074af468fc9089e3d26a860b3be22be05393c3700d2d
#16 exporting attestation manifest sha256:3cab30278c4f1db2064f074af468fc9089e3d26a860b3be22be05393c3700d2d 0.2s done
#16 exporting manifest list sha256:715d87ba1b0349e4cbffd2853acd58b85cbfbfe6b7d10ebe6130b9310e4de98a
#16 exporting manifest list sha256:715d87ba1b0349e4cbffd2853acd58b85cbfbfe6b7d10ebe6130b9310e4de98a 0.1s done
#16 naming to docker.io/mkelam/pdflab-frontend:v1.2.2-beta 0.0s done
#16 unpacking to docker.io/mkelam/pdflab-frontend:v1.2.2-beta
#16 unpacking to docker.io/mkelam/pdflab-frontend:v1.2.2-beta 3.3s done
#16 DONE 9.9s

View build details: docker-desktop://dashboard/build/desktop-linux/desktop-linux/r4ajnvuawuq55k2bau6s7la0e
