#0 building with "desktop-linux" instance using docker driver

#1 [internal] load build definition from Dockerfile
#1 transferring dockerfile: 651B 0.0s done
#1 DONE 0.1s

#2 [internal] load metadata for docker.io/library/node:20-alpine
#2 ...

#3 [auth] library/node:pull token for registry-1.docker.io
#3 DONE 0.0s

#2 [internal] load metadata for docker.io/library/node:20-alpine
#2 DONE 2.3s

#4 [internal] load .dockerignore
#4 transferring context: 750B 0.0s done
#4 DONE 0.1s

#5 [internal] load build context
#5 DONE 0.0s

#6 [builder 1/6] FROM docker.io/library/node:20-alpine@sha256:6178e78b972f79c335df281f4b7674a2d85071aae2af020ffa39f0a770265435
#6 resolve docker.io/library/node:20-alpine@sha256:6178e78b972f79c335df281f4b7674a2d85071aae2af020ffa39f0a770265435 0.1s done
#6 DONE 0.1s

#5 [internal] load build context
#5 transferring context: 28.62kB 0.3s done
#5 DONE 0.4s

#7 [builder 2/6] WORKDIR /app
#7 CACHED

#8 [builder 3/6] COPY package*.json ./
#8 CACHED

#9 [builder 4/6] RUN npm ci
#9 CACHED

#10 [builder 5/6] COPY . .
#10 DONE 13.2s

#11 [builder 6/6] RUN npm run build
#11 7.514 
#11 7.514 > pdflab@0.1.0 build
#11 7.514 > next build
#11 7.514 
#11 12.73 Attention: Next.js now collects completely anonymous telemetry regarding usage.
#11 12.73 This information is used to shape Next.js' roadmap and prioritize features.
#11 12.73 You can learn more, including how to opt-out if you'd not like to participate in this anonymous program, by visiting the following URL:
#11 12.73 https://nextjs.org/telemetry
#11 12.73 
#11 13.08   ▲ Next.js 14.2.16
#11 13.08 
#11 13.47    Creating an optimized production build ...
#11 83.48  ✓ Compiled successfully
#11 83.48    Skipping validation of types
#11 83.48    Skipping linting
#11 84.01    Collecting page data ...
#11 87.29    Generating static pages (0/30) ...
#11 88.36    Generating static pages (7/30) 
#11 88.66    Generating static pages (14/30) 
#11 88.89    Generating static pages (22/30) 
#11 89.08  ✓ Generating static pages (30/30)
#11 89.87    Finalizing page optimization ...
#11 89.87    Collecting build traces ...
#11 129.8 
#11 129.8 Route (app)                              Size     First Load JS
#11 129.8 ┌ ○ /                                    17.2 kB         153 kB
#11 129.8 ├ ○ /_not-found                          876 B          88.1 kB
#11 129.8 ├ ○ /admin                               6.47 kB         112 kB
#11 129.8 ├ ○ /admin/analytics                     4.82 kB         110 kB
#11 129.8 ├ ○ /admin/audit-logs                    6.49 kB         112 kB
#11 129.8 ├ ○ /admin/beta                          3.83 kB         120 kB
#11 129.8 ├ ○ /admin/conversions                   7.51 kB         113 kB
#11 129.8 ├ ○ /admin/payments                      7.32 kB         113 kB
#11 129.8 ├ ○ /admin/payments/transactions         7.2 kB          113 kB
#11 129.8 ├ ○ /admin/system                        4.91 kB         110 kB
#11 129.8 ├ ○ /admin/users                         10.5 kB         116 kB
#11 129.8 ├ ƒ /admin/users/[id]                    21.5 kB         137 kB
#11 129.8 ├ ○ /batch-demo                          4.29 kB         123 kB
#11 129.8 ├ ○ /beta                                8.18 kB         120 kB
#11 129.8 ├ ○ /dashboard                           5.54 kB         111 kB
#11 129.8 ├ ○ /features                            4.33 kB         109 kB
#11 129.8 ├ ○ /forgot-password                     5.37 kB         108 kB
#11 129.8 ├ ○ /get-started                         6.45 kB         115 kB
#11 129.8 ├ ○ /login                               2.25 kB         109 kB
#11 129.8 ├ ○ /payment                             5.76 kB         108 kB
#11 129.8 ├ ○ /payment/cancel                      2.85 kB         105 kB
#11 129.8 ├ ○ /payment/success                     4.57 kB         107 kB
#11 129.8 ├ ○ /pricing                             4.54 kB         110 kB
#11 129.8 ├ ○ /privacy                             183 B          94.2 kB
#11 129.8 ├ ○ /reset-password                      6.17 kB         108 kB
#11 129.8 ├ ○ /security                            183 B          94.2 kB
#11 129.8 ├ ○ /signup                              3.57 kB         111 kB
#11 129.8 ├ ○ /terms                               183 B          94.2 kB
#11 129.8 └ ○ /verify-email                        4.73 kB         107 kB
#11 129.8 + First Load JS shared by all            87.2 kB
#11 129.8   ├ chunks/2117-26d60029e272ef5d.js      31.6 kB
#11 129.8   ├ chunks/fd9d1056-f6b114259b0a635c.js  53.6 kB
#11 129.8   └ other shared chunks (total)          1.96 kB
#11 129.8 
#11 129.8 
#11 129.8 ○  (Static)   prerendered as static content
#11 129.8 ƒ  (Dynamic)  server-rendered on demand
#11 129.8 
#11 DONE 130.1s

#12 [stage-1 4/7] RUN npm ci --only=production && npm cache clean --force
#12 CACHED

#13 [stage-1 5/7] COPY --from=builder /app/.next ./.next
#13 DONE 2.4s

#14 [stage-1 6/7] COPY --from=builder /app/public ./public
#14 DONE 0.6s

#15 [stage-1 7/7] COPY --from=builder /app/next.config.mjs ./
#15 DONE 0.5s

#16 exporting to image
#16 exporting layers
#16 exporting layers 6.5s done
#16 exporting manifest sha256:a38a231c1d1fa07dfb53c2e539b8859b7b795b333281d362125f7051e7d2dea3 0.1s done
#16 exporting config sha256:e15390ffae4f19458608e2da5cce8bd9881d96defdbf59e1bb48b973e5e7a830 0.1s done
#16 exporting attestation manifest sha256:cbb9266d8ce7653e114dbf9dbd7a62594aa22b7c0aba0876cb4fe59c32217440 0.1s done
#16 exporting manifest list sha256:cedc75535ac7a109c7556ab135ffa93e41633c581dec5130c6f21ae117a6e1d9
#16 exporting manifest list sha256:cedc75535ac7a109c7556ab135ffa93e41633c581dec5130c6f21ae117a6e1d9 0.1s done
#16 naming to docker.io/mkelam/pdflab-frontend:v1.2.3-beta 0.0s done
#16 unpacking to docker.io/mkelam/pdflab-frontend:v1.2.3-beta
#16 unpacking to docker.io/mkelam/pdflab-frontend:v1.2.3-beta 3.3s done
#16 DONE 10.3s

View build details: docker-desktop://dashboard/build/desktop-linux/desktop-linux/ul7gxdwupeafpcjybdm7s07pl
