#0 building with "desktop-linux" instance using docker driver

#1 [internal] load build definition from Dockerfile
#1 transferring dockerfile: 30B 0.0s
#1 transferring dockerfile: 651B 0.0s done
#1 DONE 0.2s

#2 [internal] load metadata for docker.io/library/node:20-alpine
#2 ...

#3 [auth] library/node:pull token for registry-1.docker.io
#3 DONE 0.0s

#2 [internal] load metadata for docker.io/library/node:20-alpine
#2 DONE 3.6s

#4 [internal] load .dockerignore
#4 transferring context: 750B 0.0s done
#4 DONE 0.1s

#5 [internal] load build context
#5 DONE 0.0s

#6 [builder 1/6] FROM docker.io/library/node:20-alpine@sha256:6178e78b972f79c335df281f4b7674a2d85071aae2af020ffa39f0a770265435
#6 resolve docker.io/library/node:20-alpine@sha256:6178e78b972f79c335df281f4b7674a2d85071aae2af020ffa39f0a770265435 0.1s done
#6 DONE 0.1s

#5 [internal] load build context
#5 transferring context: 325.71kB 0.4s done
#5 DONE 0.5s

#7 [builder 2/6] WORKDIR /app
#7 CACHED

#8 [builder 3/6] COPY package*.json ./
#8 DONE 0.3s

#9 [builder 4/6] RUN npm ci
#9 ...

#10 [stage-1 4/7] RUN npm ci --only=production && npm cache clean --force
#10 4.727 npm warn config only Use `--omit=dev` to omit dev dependencies from the install.
#10 336.0 
#10 336.0 added 423 packages, and audited 424 packages in 6m
#10 336.0 
#10 336.0 56 packages are looking for funding
#10 336.0   run `npm fund` for details
#10 336.1 
#10 336.1 1 critical severity vulnerability
#10 336.1 
#10 336.1 To address all issues, run:
#10 336.1   npm audit fix --force
#10 336.1 
#10 336.1 Run `npm audit` for details.
#10 336.1 npm notice
#10 336.1 npm notice New major version of npm available! 10.8.2 -> 11.6.2
#10 336.1 npm notice Changelog: https://github.com/npm/cli/releases/tag/v11.6.2
#10 336.1 npm notice To update run: npm install -g npm@11.6.2
#10 336.1 npm notice
#10 336.4 npm warn using --force Recommended protections disabled.
#10 DONE 337.6s

#9 [builder 4/6] RUN npm ci
#9 344.4 
#9 344.4 added 458 packages, and audited 459 packages in 6m
#9 344.4 
#9 344.4 65 packages are looking for funding
#9 344.4   run `npm fund` for details
#9 344.6 
#9 344.6 1 critical severity vulnerability
#9 344.6 
#9 344.6 To address all issues, run:
#9 344.6   npm audit fix --force
#9 344.6 
#9 344.6 Run `npm audit` for details.
#9 344.6 npm notice
#9 344.6 npm notice New major version of npm available! 10.8.2 -> 11.6.2
#9 344.6 npm notice Changelog: https://github.com/npm/cli/releases/tag/v11.6.2
#9 344.6 npm notice To update run: npm install -g npm@11.6.2
#9 344.6 npm notice
#9 DONE 345.0s

#11 [builder 5/6] COPY . .
#11 DONE 2.8s

#12 [builder 6/6] RUN npm run build
#12 2.229 
#12 2.229 > pdflab@0.1.0 build
#12 2.229 > next build
#12 2.229 
#12 3.875 Attention: Next.js now collects completely anonymous telemetry regarding usage.
#12 3.876 This information is used to shape Next.js' roadmap and prioritize features.
#12 3.876 You can learn more, including how to opt-out if you'd not like to participate in this anonymous program, by visiting the following URL:
#12 3.876 https://nextjs.org/telemetry
#12 3.876 
#12 4.035   ▲ Next.js 14.2.16
#12 4.036 
#12 4.217    Creating an optimized production build ...
#12 42.75  ✓ Compiled successfully
#12 42.75    Skipping validation of types
#12 42.75    Skipping linting
#12 43.23    Collecting page data ...
#12 45.80    Generating static pages (0/30) ...
#12 46.75    Generating static pages (7/30) 
#12 46.78    Generating static pages (14/30) 
#12 47.37    Generating static pages (22/30) 
#12 47.48  ✓ Generating static pages (30/30)
#12 48.12    Finalizing page optimization ...
#12 48.12    Collecting build traces ...
#12 88.18 
#12 88.19 Route (app)                              Size     First Load JS
#12 88.19 ┌ ○ /                                    17.2 kB         153 kB
#12 88.19 ├ ○ /_not-found                          876 B          88.1 kB
#12 88.19 ├ ○ /admin                               6.3 kB          112 kB
#12 88.19 ├ ○ /admin/analytics                     4.65 kB         110 kB
#12 88.19 ├ ○ /admin/audit-logs                    6.32 kB         112 kB
#12 88.19 ├ ○ /admin/beta                          5.09 kB         111 kB
#12 88.19 ├ ○ /admin/conversions                   7.34 kB         113 kB
#12 88.19 ├ ○ /admin/payments                      7.15 kB         113 kB
#12 88.19 ├ ○ /admin/payments/transactions         7.02 kB         113 kB
#12 88.19 ├ ○ /admin/system                        4.74 kB         110 kB
#12 88.19 ├ ○ /admin/users                         10.3 kB         116 kB
#12 88.19 ├ ƒ /admin/users/[id]                    21.5 kB         137 kB
#12 88.19 ├ ○ /batch-demo                          4.29 kB         123 kB
#12 88.19 ├ ○ /beta                                8.18 kB         120 kB
#12 88.19 ├ ○ /dashboard                           5.54 kB         111 kB
#12 88.19 ├ ○ /features                            4.33 kB         109 kB
#12 88.19 ├ ○ /forgot-password                     5.37 kB         108 kB
#12 88.19 ├ ○ /get-started                         6.58 kB         115 kB
#12 88.19 ├ ○ /login                               2.25 kB         109 kB
#12 88.19 ├ ○ /payment                             5.76 kB         108 kB
#12 88.19 ├ ○ /payment/cancel                      2.85 kB         105 kB
#12 88.19 ├ ○ /payment/success                     4.56 kB         107 kB
#12 88.19 ├ ○ /pricing                             4.53 kB         110 kB
#12 88.19 ├ ○ /privacy                             183 B          94.2 kB
#12 88.19 ├ ○ /reset-password                      6.17 kB         108 kB
#12 88.19 ├ ○ /security                            183 B          94.2 kB
#12 88.19 ├ ○ /signup                              3.57 kB         111 kB
#12 88.19 ├ ○ /terms                               183 B          94.2 kB
#12 88.19 └ ○ /verify-email                        4.73 kB         107 kB
#12 88.19 + First Load JS shared by all            87.2 kB
#12 88.19   ├ chunks/2117-26d60029e272ef5d.js      31.6 kB
#12 88.19   ├ chunks/fd9d1056-f6b114259b0a635c.js  53.6 kB
#12 88.19   └ other shared chunks (total)          1.96 kB
#12 88.19 
#12 88.19 
#12 88.19 ○  (Static)   prerendered as static content
#12 88.19 ƒ  (Dynamic)  server-rendered on demand
#12 88.19 
#12 DONE 88.5s

#13 [stage-1 5/7] COPY --from=builder /app/.next ./.next
#13 DONE 1.9s

#14 [stage-1 6/7] COPY --from=builder /app/public ./public
#14 DONE 0.5s

#15 [stage-1 7/7] COPY --from=builder /app/next.config.mjs ./
#15 DONE 0.3s

#16 exporting to image
#16 exporting layers
#16 exporting layers 45.3s done
#16 exporting manifest sha256:a9ce0cf66090c8c198818392abd8102e1679962a1ec007ee7d4fc83b85d1b64e 0.1s done
#16 exporting config sha256:ad77599acc7a485e88340559c5938646470083fa488b469bfb41514bb63b45a2
#16 exporting config sha256:ad77599acc7a485e88340559c5938646470083fa488b469bfb41514bb63b45a2 0.1s done
#16 exporting attestation manifest sha256:e9f7080dfc28a05d20a4a05e0a3f5a0b49b9ca8200d6e5550e51f595abdacc1a
#16 exporting attestation manifest sha256:e9f7080dfc28a05d20a4a05e0a3f5a0b49b9ca8200d6e5550e51f595abdacc1a 0.2s done
#16 exporting manifest list sha256:34d8dfa496d6f7544ce1308a304fce438f3f695954407c03836d2cf5c4f0cd6c
#16 exporting manifest list sha256:34d8dfa496d6f7544ce1308a304fce438f3f695954407c03836d2cf5c4f0cd6c 0.1s done
#16 naming to docker.io/mkelam/pdflab-frontend:v1.2.0-beta 0.0s done
#16 unpacking to docker.io/mkelam/pdflab-frontend:v1.2.0-beta
#16 unpacking to docker.io/mkelam/pdflab-frontend:v1.2.0-beta 21.8s done
#16 DONE 67.8s

View build details: docker-desktop://dashboard/build/desktop-linux/desktop-linux/afuhp9okj96aize8bfekx05tq
