#0 building with "desktop-linux" instance using docker driver

#1 [internal] load build definition from Dockerfile
#1 transferring dockerfile: 1.18kB 0.1s done
#1 DONE 0.1s

#2 [internal] load metadata for docker.io/library/node:20-alpine
#2 DONE 0.6s

#3 [internal] load .dockerignore
#3 transferring context: 487B 0.0s done
#3 DONE 0.1s

#4 [builder 1/6] FROM docker.io/library/node:20-alpine@sha256:6178e78b972f79c335df281f4b7674a2d85071aae2af020ffa39f0a770265435
#4 resolve docker.io/library/node:20-alpine@sha256:6178e78b972f79c335df281f4b7674a2d85071aae2af020ffa39f0a770265435 0.1s done
#4 DONE 0.1s

#5 [builder 2/6] WORKDIR /app
#5 CACHED

#6 [internal] load build context
#6 transferring context: 72.78kB 0.2s done
#6 DONE 0.3s

#7 [stage-1 3/7] RUN apk add --no-cache python3 make g++
#7 CACHED

#8 [stage-1 4/7] COPY package*.json ./
#8 ...

#9 [builder 3/7] COPY package*.json ./
#9 DONE 0.4s

#8 [stage-1 4/7] COPY package*.json ./
#8 DONE 0.4s

#10 [stage-1 5/7] RUN npm ci --omit=dev --ignore-scripts &&     npm rebuild bcrypt &&     npm cache clean --force
#10 ...

#11 [builder 4/7] COPY tsconfig.json ./
#11 DONE 0.5s

#12 [builder 5/7] RUN npm ci --ignore-scripts
#12 ...

#10 [stage-1 5/7] RUN npm ci --omit=dev --ignore-scripts &&     npm rebuild bcrypt &&     npm cache clean --force
#10 20.85 npm warn deprecated rimraf@3.0.2: Rimraf versions prior to v4 are no longer supported
#10 22.34 npm warn deprecated npmlog@5.0.1: This package is no longer supported.
#10 23.35 npm warn deprecated multer@1.4.5-lts.2: Multer 1.x is impacted by a number of vulnerabilities, which have been patched in 2.x. You should upgrade to the latest 2.x version.
#10 29.36 npm warn deprecated inflight@1.0.6: This module is not supported, and leaks memory. Do not use it. Check out lru-cache if you want a good and tested way to coalesce async requests by a key value, which is much more comprehensive and powerful.
#10 ...

#12 [builder 5/7] RUN npm ci --ignore-scripts
#12 29.90 npm warn deprecated rimraf@3.0.2: Rimraf versions prior to v4 are no longer supported
#12 35.35 npm warn deprecated npmlog@5.0.1: This package is no longer supported.
#12 37.90 npm warn deprecated multer@1.4.5-lts.2: Multer 1.x is impacted by a number of vulnerabilities, which have been patched in 2.x. You should upgrade to the latest 2.x version.
#12 ...

#10 [stage-1 5/7] RUN npm ci --omit=dev --ignore-scripts &&     npm rebuild bcrypt &&     npm cache clean --force
#10 30.89 npm warn deprecated glob@7.2.3: Glob versions prior to v9 are no longer supported
#10 31.83 npm warn deprecated gauge@3.0.2: This package is no longer supported.
#10 37.77 npm warn deprecated are-we-there-yet@2.0.0: This package is no longer supported.
#10 ...

#12 [builder 5/7] RUN npm ci --ignore-scripts
#12 55.65 npm warn deprecated inflight@1.0.6: This module is not supported, and leaks memory. Do not use it. Check out lru-cache if you want a good and tested way to coalesce async requests by a key value, which is much more comprehensive and powerful.
#12 59.72 npm warn deprecated glob@7.2.3: Glob versions prior to v9 are no longer supported
#12 61.17 npm warn deprecated gauge@3.0.2: This package is no longer supported.
#12 79.14 npm warn deprecated are-we-there-yet@2.0.0: This package is no longer supported.
#12 90.94 npm warn deprecated eslint@8.57.1: This version is no longer supported. Please see https://eslint.org/version-support for other options.
#12 107.0 npm warn deprecated @humanwhocodes/object-schema@2.0.3: Use @eslint/object-schema instead
#12 107.1 npm warn deprecated @humanwhocodes/config-array@0.13.0: Use @eslint/config-array instead
#12 ...

#10 [stage-1 5/7] RUN npm ci --omit=dev --ignore-scripts &&     npm rebuild bcrypt &&     npm cache clean --force
#10 111.2 
#10 111.2 added 416 packages, and audited 417 packages in 2m
#10 111.2 
#10 111.2 47 packages are looking for funding
#10 111.2   run `npm fund` for details
#10 111.2 
#10 111.2 found 0 vulnerabilities
#10 111.2 npm notice
#10 111.2 npm notice New major version of npm available! 10.8.2 -> 11.6.2
#10 111.2 npm notice Changelog: https://github.com/npm/cli/releases/tag/v11.6.2
#10 111.2 npm notice To update run: npm install -g npm@11.6.2
#10 111.2 npm notice
#10 119.0 rebuilt dependencies successfully
#10 119.2 npm warn using --force Recommended protections disabled.
#10 DONE 121.5s

#12 [builder 5/7] RUN npm ci --ignore-scripts
#12 405.8 
#12 405.8 added 925 packages, and audited 926 packages in 7m
#12 405.8 
#12 405.8 134 packages are looking for funding
#12 405.8   run `npm fund` for details
#12 405.8 
#12 405.8 found 0 vulnerabilities
#12 405.8 npm notice
#12 405.8 npm notice New major version of npm available! 10.8.2 -> 11.6.2
#12 405.8 npm notice Changelog: https://github.com/npm/cli/releases/tag/v11.6.2
#12 405.8 npm notice To update run: npm install -g npm@11.6.2
#12 405.8 npm notice
#12 DONE 406.2s

#13 [builder 6/7] COPY src ./src
#13 DONE 1.3s

#14 [builder 7/7] RUN npm run build
#14 0.827 
#14 0.827 > pdflab-backend@1.0.0 build
#14 0.827 > npm run typecheck && tsc
#14 0.827 
#14 1.116 
#14 1.116 > pdflab-backend@1.0.0 typecheck
#14 1.116 > tsc --noEmit
#14 1.116 
#14 17.86 src/controllers/analytics.controller.ts(9,38): error TS7030: Not all code paths return a value.
#14 17.86 src/controllers/analytics.controller.ts(73,30): error TS2352: Conversion of type 'number' to type 'string' may be a mistake because neither type sufficiently overlaps with the other. If this was intentional, convert the expression to 'unknown' first.
#14 17.86 src/controllers/analytics.controller.ts(141,37): error TS7030: Not all code paths return a value.
#14 17.86 src/controllers/analytics.controller.ts(215,32): error TS7030: Not all code paths return a value.
#14 17.86 src/controllers/profile.controller.ts(9,27): error TS7030: Not all code paths return a value.
#14 17.86 src/controllers/profile.controller.ts(52,30): error TS7030: Not all code paths return a value.
#14 17.86 src/controllers/profile.controller.ts(94,9): error TS2322: Type 'null' is not assignable to type 'Date | undefined'.
#14 17.86 src/controllers/profile.controller.ts(132,31): error TS7030: Not all code paths return a value.
#14 17.86 src/controllers/profile.controller.ts(184,30): error TS7030: Not all code paths return a value.
#14 17.86 src/controllers/profile.controller.ts(230,32): error TS7030: Not all code paths return a value.
#14 17.86 src/routes/test.routes.ts(176,30): error TS2339: Property 'startTransaction' does not exist on type 'typeof import("/app/node_modules/@sentry/node/build/types/index")'.
#14 17.86 src/routes/test.routes.ts(185,28): error TS2339: Property 'setSpan' does not exist on type 'Scope'.
#14 ERROR: process "/bin/sh -c npm run build" did not complete successfully: exit code: 2
------
 > [builder 7/7] RUN npm run build:
17.86 src/controllers/analytics.controller.ts(141,37): error TS7030: Not all code paths return a value.
17.86 src/controllers/analytics.controller.ts(215,32): error TS7030: Not all code paths return a value.
17.86 src/controllers/profile.controller.ts(9,27): error TS7030: Not all code paths return a value.
17.86 src/controllers/profile.controller.ts(52,30): error TS7030: Not all code paths return a value.
17.86 src/controllers/profile.controller.ts(94,9): error TS2322: Type 'null' is not assignable to type 'Date | undefined'.
17.86 src/controllers/profile.controller.ts(132,31): error TS7030: Not all code paths return a value.
17.86 src/controllers/profile.controller.ts(184,30): error TS7030: Not all code paths return a value.
17.86 src/controllers/profile.controller.ts(230,32): error TS7030: Not all code paths return a value.
17.86 src/routes/test.routes.ts(176,30): error TS2339: Property 'startTransaction' does not exist on type 'typeof import("/app/node_modules/@sentry/node/build/types/index")'.
17.86 src/routes/test.routes.ts(185,28): error TS2339: Property 'setSpan' does not exist on type 'Scope'.
------
Dockerfile:16
--------------------
  14 |     
  15 |     # Build TypeScript
  16 | >>> RUN npm run build
  17 |     
  18 |     # Production image
--------------------
ERROR: failed to build: failed to solve: process "/bin/sh -c npm run build" did not complete successfully: exit code: 2
14800 v0.29.1-desktop.1 C:\Program Files\Docker\cli-plugins\docker-buildx.exe buildx build -t mkelam/pdflab-backend:v1.2.0-beta -f Dockerfile .
github.com/docker/buildx/commands.runBuildWithOptions
	github.com/docker/buildx/commands/build.go:461
github.com/docker/buildx/commands.runBuild
	github.com/docker/buildx/commands/build.go:381
github.com/docker/buildx/commands.buildCmd.func1
	github.com/docker/buildx/commands/build.go:497
github.com/docker/cli/cli-plugins/plugin.RunPlugin.func1.1.2
	github.com/docker/cli@v28.4.0+incompatible/cli-plugins/plugin/plugin.go:65
github.com/spf13/cobra.(*Command).execute
	github.com/spf13/cobra@v1.10.1/command.go:1015
github.com/spf13/cobra.(*Command).ExecuteC
	github.com/spf13/cobra@v1.10.1/command.go:1148
github.com/spf13/cobra.(*Command).Execute
	github.com/spf13/cobra@v1.10.1/command.go:1071
github.com/docker/cli/cli-plugins/plugin.RunPlugin
	github.com/docker/cli@v28.4.0+incompatible/cli-plugins/plugin/plugin.go:80
main.runPlugin
	github.com/docker/buildx/cmd/buildx/main.go:65
main.run
	github.com/docker/buildx/cmd/buildx/main.go:79
main.main
	github.com/docker/buildx/cmd/buildx/main.go:89
runtime.main
	runtime/proc.go:283
runtime.goexit
	runtime/asm_amd64.s:1700

145  /usr/local/bin/dockerd --config-file /run/config/docker/daemon.json --containerd /run/containerd/containerd.sock --pidfile /run/desktop/docker.pid --swarm-default-advertise-addr=192.168.65.3 --allow-direct-routing --log-format json --host-gateway-ip 192.168.65.254
github.com/moby/buildkit/executor/runcexecutor.exitError
	/root/build-deb/engine/vendor/github.com/moby/buildkit/executor/runcexecutor/executor.go:391
github.com/moby/buildkit/executor/runcexecutor.(*runcExecutor).Run
	/root/build-deb/engine/vendor/github.com/moby/buildkit/executor/runcexecutor/executor.go:339
github.com/moby/buildkit/solver/llbsolver/ops.(*ExecOp).Exec
	/root/build-deb/engine/vendor/github.com/moby/buildkit/solver/llbsolver/ops/exec.go:497
github.com/moby/buildkit/solver.(*sharedOp).Exec.func2
	/root/build-deb/engine/vendor/github.com/moby/buildkit/solver/jobs.go:1122
github.com/moby/buildkit/util/flightcontrol.(*call[...]).run
	/root/build-deb/engine/vendor/github.com/moby/buildkit/util/flightcontrol/flightcontrol.go:122
sync.(*Once).doSlow
	/usr/local/go/src/sync/once.go:78
sync.(*Once).Do
	/usr/local/go/src/sync/once.go:69
runtime.goexit
	/usr/local/go/src/runtime/asm_amd64.s:1700

14800 v0.29.1-desktop.1 C:\Program Files\Docker\cli-plugins\docker-buildx.exe buildx build -t mkelam/pdflab-backend:v1.2.0-beta -f Dockerfile .
google.golang.org/grpc.(*ClientConn).Invoke
	google.golang.org/grpc@v1.72.2/call.go:35
github.com/moby/buildkit/api/services/control.(*controlClient).Solve
	github.com/moby/buildkit@v0.25.0/api/services/control/control_grpc.pb.go:88
github.com/moby/buildkit/client.(*Client).solve.func2
	github.com/moby/buildkit@v0.25.0/client/solve.go:278
golang.org/x/sync/errgroup.(*Group).Go.func1
	golang.org/x/sync@v0.16.0/errgroup/errgroup.go:93
runtime.goexit
	runtime/asm_amd64.s:1700

145  /usr/local/bin/dockerd --config-file /run/config/docker/daemon.json --containerd /run/containerd/containerd.sock --pidfile /run/desktop/docker.pid --swarm-default-advertise-addr=192.168.65.3 --allow-direct-routing --log-format json --host-gateway-ip 192.168.65.254
github.com/moby/buildkit/solver.(*edge).execOp
	/root/build-deb/engine/vendor/github.com/moby/buildkit/solver/edge.go:963
github.com/moby/buildkit/solver/internal/pipe.NewWithFunction[...].func2
	/root/build-deb/engine/vendor/github.com/moby/buildkit/solver/internal/pipe/pipe.go:78
runtime.goexit
	/usr/local/go/src/runtime/asm_amd64.s:1700

14800 v0.29.1-desktop.1 C:\Program Files\Docker\cli-plugins\docker-buildx.exe buildx build -t mkelam/pdflab-backend:v1.2.0-beta -f Dockerfile .
github.com/moby/buildkit/client.(*Client).solve.func2
	github.com/moby/buildkit@v0.25.0/client/solve.go:295
golang.org/x/sync/errgroup.(*Group).Go.func1
	golang.org/x/sync@v0.16.0/errgroup/errgroup.go:93

145  /usr/local/bin/dockerd --config-file /run/config/docker/daemon.json --containerd /run/containerd/containerd.sock --pidfile /run/desktop/docker.pid --swarm-default-advertise-addr=192.168.65.3 --allow-direct-routing --log-format json --host-gateway-ip 192.168.65.254
github.com/moby/buildkit/solver/llbsolver/ops.(*ExecOp).Exec
	/root/build-deb/engine/vendor/github.com/moby/buildkit/solver/llbsolver/ops/exec.go:518
github.com/moby/buildkit/solver.(*sharedOp).Exec.func2
	/root/build-deb/engine/vendor/github.com/moby/buildkit/solver/jobs.go:1122


View build details: docker-desktop://dashboard/build/desktop-linux/desktop-linux/u9swvnya21a4u73helnsm2mw2
