#0 building with "desktop-linux" instance using docker driver

#1 [internal] load build definition from Dockerfile
#1 transferring dockerfile: 30B 0.0s
#1 transferring dockerfile: 651B 0.1s done
#1 DONE 0.2s

#2 [internal] load metadata for docker.io/library/node:20-alpine
#2 ...

#3 [auth] library/node:pull token for registry-1.docker.io
#3 DONE 0.0s

#2 [internal] load metadata for docker.io/library/node:20-alpine
#2 DONE 3.3s

#4 [internal] load .dockerignore
#4 transferring context: 750B 0.0s done
#4 DONE 0.1s

#5 [internal] load build context
#5 DONE 0.0s

#6 [builder 1/6] FROM docker.io/library/node:20-alpine@sha256:6178e78b972f79c335df281f4b7674a2d85071aae2af020ffa39f0a770265435
#6 resolve docker.io/library/node:20-alpine@sha256:6178e78b972f79c335df281f4b7674a2d85071aae2af020ffa39f0a770265435 0.1s done
#6 DONE 0.1s

#5 [internal] load build context
#5 transferring context: 641.52kB 0.8s done
#5 DONE 0.9s

#7 [builder 2/6] WORKDIR /app
#7 CACHED

#8 [builder 3/6] COPY package*.json ./
#8 CACHED

#9 [builder 4/6] RUN npm ci
#9 CACHED

#10 [builder 5/6] COPY . .
#10 DONE 24.4s

#11 [builder 6/6] RUN npm run build
#11 28.72 
#11 28.72 > pdflab@0.1.0 build
#11 28.72 > next build
#11 28.72 
#11 34.12 Attention: Next.js now collects completely anonymous telemetry regarding usage.
#11 34.12 This information is used to shape Next.js' roadmap and prioritize features.
#11 34.12 You can learn more, including how to opt-out if you'd not like to participate in this anonymous program, by visiting the following URL:
#11 34.12 https://nextjs.org/telemetry
#11 34.12 
#11 34.30   ▲ Next.js 14.2.16
#11 34.31 
#11 34.59    Creating an optimized production build ...
#11 100.4  ✓ Compiled successfully
#11 100.4    Skipping validation of types
#11 100.4    Skipping linting
#11 100.9    Collecting page data ...
#11 103.9    Generating static pages (0/32) ...
#11 104.7    Generating static pages (8/32) 
#11 105.0    Generating static pages (16/32) 
#11 105.2    Generating static pages (24/32) 
#11 105.3  ✓ Generating static pages (32/32)
#11 106.1    Finalizing page optimization ...
#11 106.1    Collecting build traces ...
#11 144.0 
#11 144.0 Route (app)                              Size     First Load JS
#11 144.0 ┌ ○ /                                    17.3 kB         153 kB
#11 144.0 ├ ○ /_not-found                          876 B          88.1 kB
#11 144.0 ├ ○ /admin                               6.51 kB         112 kB
#11 144.0 ├ ○ /admin/analytics                     4.87 kB         110 kB
#11 144.0 ├ ○ /admin/audit-logs                    6.54 kB         112 kB
#11 144.0 ├ ○ /admin/beta                          3.87 kB         120 kB
#11 144.0 ├ ○ /admin/beta-users                    2.57 kB         117 kB
#11 144.0 ├ ○ /admin/conversions                   7.55 kB         113 kB
#11 144.0 ├ ○ /admin/feedback                      7.28 kB         113 kB
#11 144.0 ├ ○ /admin/payments                      7.36 kB         113 kB
#11 144.0 ├ ○ /admin/payments/transactions         7.24 kB         113 kB
#11 144.0 ├ ○ /admin/system                        4.95 kB         111 kB
#11 144.0 ├ ○ /admin/users                         2.98 kB         118 kB
#11 144.0 ├ ƒ /admin/users/[id]                    21.5 kB         137 kB
#11 144.0 ├ ○ /batch-demo                          4.29 kB         123 kB
#11 144.0 ├ ○ /beta                                8.19 kB         120 kB
#11 144.0 ├ ○ /dashboard                           7.36 kB         112 kB
#11 144.0 ├ ○ /features                            4.33 kB         109 kB
#11 144.0 ├ ○ /forgot-password                     5.37 kB         108 kB
#11 144.0 ├ ○ /get-started                         6.45 kB         115 kB
#11 144.0 ├ ○ /login                               2.25 kB         109 kB
#11 144.0 ├ ○ /payment                             5.76 kB         108 kB
#11 144.0 ├ ○ /payment/cancel                      2.86 kB         105 kB
#11 144.0 ├ ○ /payment/success                     4.57 kB         107 kB
#11 144.0 ├ ○ /pricing                             4.54 kB         110 kB
#11 144.0 ├ ○ /privacy                             183 B          94.2 kB
#11 144.0 ├ ○ /reset-password                      6.17 kB         108 kB
#11 144.0 ├ ○ /security                            183 B          94.2 kB
#11 144.0 ├ ○ /signup                              3.57 kB         111 kB
#11 144.0 ├ ○ /terms                               183 B          94.2 kB
#11 144.0 └ ○ /verify-email                        4.73 kB         107 kB
#11 144.0 + First Load JS shared by all            87.2 kB
#11 144.0   ├ chunks/2117-26d60029e272ef5d.js      31.6 kB
#11 144.0   ├ chunks/fd9d1056-f6b114259b0a635c.js  53.6 kB
#11 144.0   └ other shared chunks (total)          1.96 kB
#11 144.0 
#11 144.0 
#11 144.0 ○  (Static)   prerendered as static content
#11 144.0 ƒ  (Dynamic)  server-rendered on demand
#11 144.0 
#11 DONE 144.3s

#12 [stage-1 4/7] RUN npm ci --only=production && npm cache clean --force
#12 CACHED

#13 [stage-1 5/7] COPY --from=builder /app/.next ./.next
#13 DONE 2.2s

#14 [stage-1 6/7] COPY --from=builder /app/public ./public
#14 DONE 0.6s

#15 [stage-1 7/7] COPY --from=builder /app/next.config.mjs ./
#15 DONE 0.3s

#16 exporting to image
#16 exporting layers
#16 exporting layers 7.4s done
#16 exporting manifest sha256:3125796c4ca36f503e1e0ec078160e98888070bab15a3f787350880ed6fa130e 0.1s done
#16 exporting config sha256:2678f572042354b5a2b91bd303a08f09c3c003cde84d665b40d2314745ebb0a5
#16 exporting config sha256:2678f572042354b5a2b91bd303a08f09c3c003cde84d665b40d2314745ebb0a5 0.1s done
#16 exporting attestation manifest sha256:86a0629544dac70aae38364b6d2235aac686d7482830c5336b848e368e20cda1
#16 exporting attestation manifest sha256:86a0629544dac70aae38364b6d2235aac686d7482830c5336b848e368e20cda1 0.2s done
#16 exporting manifest list sha256:c9a3445d220cbc6a231ccecf471287ac3f6b886c71a4c7114ec86c220bd8d716
#16 exporting manifest list sha256:c9a3445d220cbc6a231ccecf471287ac3f6b886c71a4c7114ec86c220bd8d716 0.1s done
#16 naming to docker.io/mkelam/pdflab-frontend:v1.2.5-beta 0.0s done
#16 unpacking to docker.io/mkelam/pdflab-frontend:v1.2.5-beta
#16 unpacking to docker.io/mkelam/pdflab-frontend:v1.2.5-beta 4.0s done
#16 DONE 12.2s

View build details: docker-desktop://dashboard/build/desktop-linux/desktop-linux/vbvpvznhvmglazcqdjr6izre5
