
> pdflab@0.1.0 dev
> next dev

  ▲ Next.js 14.2.16
  - Local:        http://localhost:3000
  - Environments: .env.local, .env

 ✓ Starting...
 ✓ Ready in 5.4s
 ○ Compiling / ...


Source path: c:\Users\Mac\OneDrive\Desktop\Projects\PDFLab\app\globals.css
Setting up new context...
Finding changed files: 24.494ms
Reading changed files: 793.409ms
Sorting candidates: 6.776ms
Generate rules: 404.951ms
Build stylesheet: 10.184ms
Potential classes:  6047
Active contexts:  1
JIT TOTAL: 1.675s


 ✓ Compiled / in 11.1s (801 modules)
 GET / 200 in 11895ms


Source path: c:\Users\Mac\OneDrive\Desktop\Projects\PDFLab\app\globals.css
Finding changed files: 21.506ms
Reading changed files: 0.203ms
Sorting candidates: 0.016ms
Generate rules: 0.421ms
Build stylesheet: 0.009ms
Potential classes:  1
Active contexts:  1
JIT TOTAL: 148.271ms


 ✓ Compiled in 1243ms (401 modules)
<w> [webpack.cache.PackFileCacheStrategy/webpack.FileSystemInfo] Resolving '../../../typescript/lib/typescript' in c:\Users\Mac\OneDrive\Desktop\Projects\PDFLab\node_modules\next\dist\build for build dependencies doesn't lead to expected result 'C:\Users\Mac\OneDrive\Desktop\Projects\PDFLab\node_modules\typescript\lib\typescript.js', but to 'c:\Users\Mac\OneDrive\Desktop\Projects\PDFLab\node_modules\typescript\lib\typescript.js' instead. Resolving dependencies are ignored for this path.
<w>  at resolve commonjs file ../../../typescript/lib/typescript (expected C:\Users\Mac\OneDrive\Desktop\Projects\PDFLab\node_modules\typescript\lib\typescript.js)
<w>  at file dependencies c:\Users\Mac\OneDrive\Desktop\Projects\PDFLab\node_modules\next\dist\build\load-jsconfig.js
<w>  at file c:\Users\Mac\OneDrive\Desktop\Projects\PDFLab\node_modules\next\dist\build\load-jsconfig.js
<w>  at file dependencies c:\Users\Mac\OneDrive\Desktop\Projects\PDFLab\node_modules\next\dist\build\webpack-config.js
<w>  at file c:\Users\Mac\OneDrive\Desktop\Projects\PDFLab\node_modules\next\dist\build\webpack-config.js
<w>  at file dependencies c:\Users\Mac\OneDrive\Desktop\Projects\PDFLab\node_modules\next\dist\build\handle-externals.js
<w>  at file c:\Users\Mac\OneDrive\Desktop\Projects\PDFLab\node_modules\next\dist\build\handle-externals.js
<w>  at file dependencies c:\Users\Mac\OneDrive\Desktop\Projects\PDFLab\node_modules\next\dist\build\webpack\loaders\next-swc-loader.js
<w>  at file c:\Users\Mac\OneDrive\Desktop\Projects\PDFLab\node_modules\next\dist\build\webpack\loaders\next-swc-loader.js
<w>  at resolve commonjs c:\Users\Mac\OneDrive\Desktop\Projects\PDFLab\node_modules\next\dist\build\webpack\loaders\next-swc-loader.js
<w> [webpack.cache.PackFileCacheStrategy/webpack.FileSystemInfo] Resolving '../../../typescript/lib/typescript' in c:\Users\Mac\OneDrive\Desktop\Projects\PDFLab\node_modules\next\dist\build for build dependencies doesn't lead to expected result 'C:\Users\Mac\OneDrive\Desktop\Projects\PDFLab\node_modules\typescript\lib\typescript.js', but to 'c:\Users\Mac\OneDrive\Desktop\Projects\PDFLab\node_modules\typescript\lib\typescript.js' instead. Resolving dependencies are ignored for this path.
<w>  at resolve commonjs file ../../../typescript/lib/typescript (expected C:\Users\Mac\OneDrive\Desktop\Projects\PDFLab\node_modules\typescript\lib\typescript.js)
<w>  at file dependencies c:\Users\Mac\OneDrive\Desktop\Projects\PDFLab\node_modules\next\dist\build\load-jsconfig.js
<w>  at file c:\Users\Mac\OneDrive\Desktop\Projects\PDFLab\node_modules\next\dist\build\load-jsconfig.js
<w>  at file dependencies c:\Users\Mac\OneDrive\Desktop\Projects\PDFLab\node_modules\next\dist\build\webpack-config.js
<w>  at file c:\Users\Mac\OneDrive\Desktop\Projects\PDFLab\node_modules\next\dist\build\webpack-config.js
<w>  at file dependencies c:\Users\Mac\OneDrive\Desktop\Projects\PDFLab\node_modules\next\dist\build\webpack\loaders\next-swc-loader.js
<w>  at file c:\Users\Mac\OneDrive\Desktop\Projects\PDFLab\node_modules\next\dist\build\webpack\loaders\next-swc-loader.js
<w>  at resolve commonjs c:\Users\Mac\OneDrive\Desktop\Projects\PDFLab\node_modules\next\dist\build\webpack\loaders\next-swc-loader.js
 HEAD / 200 in 143ms
 GET / 200 in 134ms
 ○ Compiling /pricing ...
 ✓ Compiled /pricing in 866ms (776 modules)
 GET /pricing 200 in 1157ms
 GET / 200 in 185ms
 ○ Compiling /login ...
 ✓ Compiled /login in 800ms (802 modules)
 GET /login 200 in 937ms
 ○ Compiling /dashboard ...
 ✓ Compiled /dashboard in 569ms (814 modules)
 GET /pricing 200 in 185ms
 ○ Compiling /get-started ...
 ✓ Compiled /get-started in 790ms (830 modules)
 GET /get-started?plan=starter 200 in 1282ms
 ○ Compiling /payment ...
 ✓ Compiled /payment in 531ms (840 modules)
 GET / 200 in 201ms
 GET / 200 in 58ms
 GET / 200 in 65ms
